home@home-PC MINGW64 /d/DEV_2021/DIO/meus_projetos/netflix-clone-master
1-$ ls
img/  index.html  js/  style/

home@home-PC MINGW64 /d/DEV_2021/DIO/meus_projetos/netflix-clone-master
2-$ git init
Initialized empty Git repository in D:/DEV_2021/DIO/meus_projetos/netflix-clone-master/.git/

2.1 -$ git checkout -b main
Switched to a new branch 'main'

home@home-PC MINGW64 /d/DEV_2021/DIO/meus_projetos/netflix-clone-master (master)
3- $ git add .

home@home-PC MINGW64 /d/DEV_2021/DIO/meus_projetos/netflix-clone-master (master)
4 -$ git add *




home@home-PC MINGW64 /d/DEV_2021/DIO/meus_projetos/netflix-clone-master (master)
 6- $ git commit -m  "projeto final"
[master (root-commit) dd6dec7] projeto final
 19 files changed, 284 insertions(+)
 create mode 100644 img/capa-house.jpg
 create mode 100644 img/mini1.jpg
 create mode 100644 img/mini10.jpg



home@home-PC MINGW64 /d/DEV_2021/DIO/meus_projetos/netflix-clone-master (master)
 7- $ git status
On branch master
nothing to commit, working tree clean

home@home-PC MINGW64 /d/DEV_2021/DIO/meus_projetos/netflix-clone-master (master)
8- $ git remote add origin https://github.com/adrianoaraujocoelho/netflix-clone-master.git

 

add origin 
home@home-PC MINGW64 /d/DEV_2021/DIO/meus_projetos/netflix-clone-master (master)
9- $ git push -u origin main
Enumerating objects: 26, done.
Counting objects: 100% (26/26), done.
Delta compression using up to 4 threads
Compressing objects: 100% (25/25), done.
Writing objects: 100% (26/26), 770.50 KiB | 12.63 MiB/s, done.
Total 26 (delta 0), reused 0 (delta 0), pack-reused 0
To https://github.com/adrianoaraujocoelho/netflix-clone-master.git
 * [new branch]      master -> master
Branch 'master' set up to track remote branch 'master' from 'origin'.

home@home-PC MINGW64 /d/DEV_2021/DIO/meus_projetos/netflix-clone-master (master)
